// Jest Snapshot v1, https://goo.gl/fbAQLP

exports[`Body component tests default props 1`] = `
<View
  style={
    {
      "alignItems": "center",
      "flexDirection": "row",
    }
  }
  testID="Anchor"
>
  <Text
    onPress={[MockFunction]}
    onPressIn={[Function]}
    onPressOut={[Function]}
    style={
      [
        {
          "color": "#49a2ef",
          "flexShrink": 1,
          "fontSize": 12.25,
          "includeFontPadding": false,
          "verticalAlign": "middle",
        },
        false,
        undefined,
        undefined,
        undefined,
      ]
    }
    suppressHighlighting={true}
    testID="AnchorText"
  >
    link
  </Text>
</View>
`;

exports[`Body component tests левая иконка, base, visited, testID = CustomAnchorId 1`] = `
<View
  style={
    {
      "alignItems": "center",
      "flexDirection": "row",
    }
  }
  testID="CustomAnchorId"
>
  <View
    accessibilityState={
      {
        "busy": undefined,
        "checked": undefined,
        "disabled": undefined,
        "expanded": undefined,
        "selected": undefined,
      }
    }
    accessibilityValue={
      {
        "max": undefined,
        "min": undefined,
        "now": undefined,
        "text": undefined,
      }
    }
    accessible={true}
    collapsable={false}
    focusable={true}
    onBlur={[Function]}
    onClick={[Function]}
    onFocus={[Function]}
    onResponderGrant={[Function]}
    onResponderMove={[Function]}
    onResponderRelease={[Function]}
    onResponderTerminate={[Function]}
    onResponderTerminationRequest={[Function]}
    onStartShouldSetResponder={[Function]}
    style={
      {
        "paddingRight": 7,
      }
    }
    testID="AnchorLeftPressable"
  >
    <RNSVGSvgView
      align="xMidYMid"
      bbHeight={14}
      bbWidth={14}
      fill="none"
      focusable={false}
      height={14}
      meetOrSlice={0}
      minX={0}
      minY={0}
      stroke="#ab77df"
      strokeLinecap="round"
      strokeLinejoin="round"
      strokeWidth={2}
      style={
        [
          {
            "backgroundColor": "transparent",
            "borderWidth": 0,
          },
          {
            "flex": 0,
            "height": 14,
            "width": 14,
          },
        ]
      }
      testID="LeftIcon"
      vbHeight={24}
      vbWidth={24}
      width={14}
      xmlns="http://www.w3.org/2000/svg"
    >
      <RNSVGGroup
        fill={null}
        propList={
          [
            "fill",
            "stroke",
            "strokeWidth",
            "strokeLinecap",
            "strokeLinejoin",
          ]
        }
        stroke={
          {
            "payload": 4289427423,
            "type": 0,
          }
        }
        strokeLinecap={1}
        strokeLinejoin={1}
        strokeWidth={2}
      >
        <RNSVGPath
          d="M9 15l6 -6"
          fill={null}
          propList={
            [
              "fill",
              "stroke",
              "strokeWidth",
              "strokeLinecap",
              "strokeLinejoin",
            ]
          }
          stroke={
            {
              "payload": 4289427423,
              "type": 0,
            }
          }
          strokeLinecap={1}
          strokeLinejoin={1}
          strokeWidth={2}
          testID="LeftIcon"
        />
        <RNSVGPath
          d="M11 6l.463 -.536a5 5 0 0 1 7.071 7.072l-.534 .464"
          fill={null}
          propList={
            [
              "fill",
              "stroke",
              "strokeWidth",
              "strokeLinecap",
              "strokeLinejoin",
            ]
          }
          stroke={
            {
              "payload": 4289427423,
              "type": 0,
            }
          }
          strokeLinecap={1}
          strokeLinejoin={1}
          strokeWidth={2}
          testID="LeftIcon"
        />
        <RNSVGPath
          d="M13 18l-.397 .534a5.068 5.068 0 0 1 -7.127 0a4.972 4.972 0 0 1 0 -7.071l.524 -.463"
          fill={null}
          propList={
            [
              "fill",
              "stroke",
              "strokeWidth",
              "strokeLinecap",
              "strokeLinejoin",
            ]
          }
          stroke={
            {
              "payload": 4289427423,
              "type": 0,
            }
          }
          strokeLinecap={1}
          strokeLinejoin={1}
          strokeWidth={2}
          testID="LeftIcon"
        />
      </RNSVGGroup>
    </RNSVGSvgView>
  </View>
  <Text
    onPress={[MockFunction]}
    onPressIn={[Function]}
    onPressOut={[Function]}
    style={
      [
        {
          "color": "#49a2ef",
          "flexShrink": 1,
          "fontSize": 12.25,
          "includeFontPadding": false,
          "verticalAlign": "middle",
        },
        false,
        {
          "fontSize": 14,
        },
        {
          "color": "#ab77df",
        },
        undefined,
      ]
    }
    suppressHighlighting={true}
    testID="AnchorText"
  >
    ⁠
    link
  </Text>
</View>
`;

exports[`Body component tests левая иконка, правая иконка 1`] = `
<View
  style={
    {
      "alignItems": "center",
      "flexDirection": "row",
    }
  }
  testID="Anchor"
>
  <View
    accessibilityState={
      {
        "busy": undefined,
        "checked": undefined,
        "disabled": undefined,
        "expanded": undefined,
        "selected": undefined,
      }
    }
    accessibilityValue={
      {
        "max": undefined,
        "min": undefined,
        "now": undefined,
        "text": undefined,
      }
    }
    accessible={true}
    collapsable={false}
    focusable={true}
    onBlur={[Function]}
    onClick={[Function]}
    onFocus={[Function]}
    onResponderGrant={[Function]}
    onResponderMove={[Function]}
    onResponderRelease={[Function]}
    onResponderTerminate={[Function]}
    onResponderTerminationRequest={[Function]}
    onStartShouldSetResponder={[Function]}
    style={
      {
        "paddingRight": 7,
      }
    }
    testID="AnchorLeftPressable"
  >
    <RNSVGSvgView
      align="xMidYMid"
      bbHeight={14}
      bbWidth={14}
      fill="none"
      focusable={false}
      height={14}
      meetOrSlice={0}
      minX={0}
      minY={0}
      stroke="#49a2ef"
      strokeLinecap="round"
      strokeLinejoin="round"
      strokeWidth={2}
      style={
        [
          {
            "backgroundColor": "transparent",
            "borderWidth": 0,
          },
          {
            "flex": 0,
            "height": 14,
            "width": 14,
          },
        ]
      }
      testID="LeftIcon"
      vbHeight={24}
      vbWidth={24}
      width={14}
      xmlns="http://www.w3.org/2000/svg"
    >
      <RNSVGGroup
        fill={null}
        propList={
          [
            "fill",
            "stroke",
            "strokeWidth",
            "strokeLinecap",
            "strokeLinejoin",
          ]
        }
        stroke={
          {
            "payload": 4283015919,
            "type": 0,
          }
        }
        strokeLinecap={1}
        strokeLinejoin={1}
        strokeWidth={2}
      >
        <RNSVGPath
          d="M9 15l6 -6"
          fill={null}
          propList={
            [
              "fill",
              "stroke",
              "strokeWidth",
              "strokeLinecap",
              "strokeLinejoin",
            ]
          }
          stroke={
            {
              "payload": 4283015919,
              "type": 0,
            }
          }
          strokeLinecap={1}
          strokeLinejoin={1}
          strokeWidth={2}
          testID="LeftIcon"
        />
        <RNSVGPath
          d="M11 6l.463 -.536a5 5 0 0 1 7.071 7.072l-.534 .464"
          fill={null}
          propList={
            [
              "fill",
              "stroke",
              "strokeWidth",
              "strokeLinecap",
              "strokeLinejoin",
            ]
          }
          stroke={
            {
              "payload": 4283015919,
              "type": 0,
            }
          }
          strokeLinecap={1}
          strokeLinejoin={1}
          strokeWidth={2}
          testID="LeftIcon"
        />
        <RNSVGPath
          d="M13 18l-.397 .534a5.068 5.068 0 0 1 -7.127 0a4.972 4.972 0 0 1 0 -7.071l.524 -.463"
          fill={null}
          propList={
            [
              "fill",
              "stroke",
              "strokeWidth",
              "strokeLinecap",
              "strokeLinejoin",
            ]
          }
          stroke={
            {
              "payload": 4283015919,
              "type": 0,
            }
          }
          strokeLinecap={1}
          strokeLinejoin={1}
          strokeWidth={2}
          testID="LeftIcon"
        />
      </RNSVGGroup>
    </RNSVGSvgView>
  </View>
  <Text
    onPress={[MockFunction]}
    onPressIn={[Function]}
    onPressOut={[Function]}
    style={
      [
        {
          "color": "#49a2ef",
          "flexShrink": 1,
          "fontSize": 12.25,
          "includeFontPadding": false,
          "verticalAlign": "middle",
        },
        false,
        undefined,
        undefined,
        undefined,
      ]
    }
    suppressHighlighting={true}
    testID="AnchorText"
  >
    ⁠
    link
    ⁠
  </Text>
  <View
    accessibilityState={
      {
        "busy": undefined,
        "checked": undefined,
        "disabled": undefined,
        "expanded": undefined,
        "selected": undefined,
      }
    }
    accessibilityValue={
      {
        "max": undefined,
        "min": undefined,
        "now": undefined,
        "text": undefined,
      }
    }
    accessible={true}
    collapsable={false}
    focusable={true}
    onBlur={[Function]}
    onClick={[Function]}
    onFocus={[Function]}
    onResponderGrant={[Function]}
    onResponderMove={[Function]}
    onResponderRelease={[Function]}
    onResponderTerminate={[Function]}
    onResponderTerminationRequest={[Function]}
    onStartShouldSetResponder={[Function]}
    style={
      {
        "paddingLeft": 7,
      }
    }
    testID="AnchorRightPressable"
  >
    <RNSVGSvgView
      align="xMidYMid"
      bbHeight={14}
      bbWidth={14}
      fill="none"
      focusable={false}
      height={14}
      meetOrSlice={0}
      minX={0}
      minY={0}
      stroke="#49a2ef"
      strokeLinecap="round"
      strokeLinejoin="round"
      strokeWidth={2}
      style={
        [
          {
            "backgroundColor": "transparent",
            "borderWidth": 0,
          },
          {
            "flex": 0,
            "height": 14,
            "width": 14,
          },
        ]
      }
      testID="RightIcon"
      vbHeight={24}
      vbWidth={24}
      width={14}
      xmlns="http://www.w3.org/2000/svg"
    >
      <RNSVGGroup
        fill={null}
        propList={
          [
            "fill",
            "stroke",
            "strokeWidth",
            "strokeLinecap",
            "strokeLinejoin",
          ]
        }
        stroke={
          {
            "payload": 4283015919,
            "type": 0,
          }
        }
        strokeLinecap={1}
        strokeLinejoin={1}
        strokeWidth={2}
      >
        <RNSVGPath
          d="M9 15l6 -6"
          fill={null}
          propList={
            [
              "fill",
              "stroke",
              "strokeWidth",
              "strokeLinecap",
              "strokeLinejoin",
            ]
          }
          stroke={
            {
              "payload": 4283015919,
              "type": 0,
            }
          }
          strokeLinecap={1}
          strokeLinejoin={1}
          strokeWidth={2}
          testID="RightIcon"
        />
        <RNSVGPath
          d="M11 6l.463 -.536a5 5 0 0 1 7.071 7.072l-.534 .464"
          fill={null}
          propList={
            [
              "fill",
              "stroke",
              "strokeWidth",
              "strokeLinecap",
              "strokeLinejoin",
            ]
          }
          stroke={
            {
              "payload": 4283015919,
              "type": 0,
            }
          }
          strokeLinecap={1}
          strokeLinejoin={1}
          strokeWidth={2}
          testID="RightIcon"
        />
        <RNSVGPath
          d="M13 18l-.397 .534a5.068 5.068 0 0 1 -7.127 0a4.972 4.972 0 0 1 0 -7.071l.524 -.463"
          fill={null}
          propList={
            [
              "fill",
              "stroke",
              "strokeWidth",
              "strokeLinecap",
              "strokeLinejoin",
            ]
          }
          stroke={
            {
              "payload": 4283015919,
              "type": 0,
            }
          }
          strokeLinecap={1}
          strokeLinejoin={1}
          strokeWidth={2}
          testID="RightIcon"
        />
      </RNSVGGroup>
    </RNSVGSvgView>
  </View>
</View>
`;

exports[`Body component tests правая иконка, noWrapper 1`] = `
[
  <Text
    onPress={[MockFunction]}
    onPressIn={[Function]}
    onPressOut={[Function]}
    style={
      [
        {
          "color": "#49a2ef",
          "flexShrink": 1,
          "fontSize": 12.25,
          "includeFontPadding": false,
          "verticalAlign": "middle",
        },
        false,
        undefined,
        undefined,
        undefined,
      ]
    }
    suppressHighlighting={true}
    testID="AnchorText"
  >
    link
    ⁠
  </Text>,
  <View
    accessibilityState={
      {
        "busy": undefined,
        "checked": undefined,
        "disabled": undefined,
        "expanded": undefined,
        "selected": undefined,
      }
    }
    accessibilityValue={
      {
        "max": undefined,
        "min": undefined,
        "now": undefined,
        "text": undefined,
      }
    }
    accessible={true}
    collapsable={false}
    focusable={true}
    onBlur={[Function]}
    onClick={[Function]}
    onFocus={[Function]}
    onResponderGrant={[Function]}
    onResponderMove={[Function]}
    onResponderRelease={[Function]}
    onResponderTerminate={[Function]}
    onResponderTerminationRequest={[Function]}
    onStartShouldSetResponder={[Function]}
    style={
      {
        "paddingLeft": 7,
      }
    }
    testID="AnchorRightPressable"
  >
    <RNSVGSvgView
      align="xMidYMid"
      bbHeight={14}
      bbWidth={14}
      fill="none"
      focusable={false}
      height={14}
      meetOrSlice={0}
      minX={0}
      minY={0}
      stroke="#49a2ef"
      strokeLinecap="round"
      strokeLinejoin="round"
      strokeWidth={2}
      style={
        [
          {
            "backgroundColor": "transparent",
            "borderWidth": 0,
          },
          {
            "flex": 0,
            "height": 14,
            "width": 14,
          },
        ]
      }
      testID="RightIcon"
      vbHeight={24}
      vbWidth={24}
      width={14}
      xmlns="http://www.w3.org/2000/svg"
    >
      <RNSVGGroup
        fill={null}
        propList={
          [
            "fill",
            "stroke",
            "strokeWidth",
            "strokeLinecap",
            "strokeLinejoin",
          ]
        }
        stroke={
          {
            "payload": 4283015919,
            "type": 0,
          }
        }
        strokeLinecap={1}
        strokeLinejoin={1}
        strokeWidth={2}
      >
        <RNSVGPath
          d="M9 15l6 -6"
          fill={null}
          propList={
            [
              "fill",
              "stroke",
              "strokeWidth",
              "strokeLinecap",
              "strokeLinejoin",
            ]
          }
          stroke={
            {
              "payload": 4283015919,
              "type": 0,
            }
          }
          strokeLinecap={1}
          strokeLinejoin={1}
          strokeWidth={2}
          testID="RightIcon"
        />
        <RNSVGPath
          d="M11 6l.463 -.536a5 5 0 0 1 7.071 7.072l-.534 .464"
          fill={null}
          propList={
            [
              "fill",
              "stroke",
              "strokeWidth",
              "strokeLinecap",
              "strokeLinejoin",
            ]
          }
          stroke={
            {
              "payload": 4283015919,
              "type": 0,
            }
          }
          strokeLinecap={1}
          strokeLinejoin={1}
          strokeWidth={2}
          testID="RightIcon"
        />
        <RNSVGPath
          d="M13 18l-.397 .534a5.068 5.068 0 0 1 -7.127 0a4.972 4.972 0 0 1 0 -7.071l.524 -.463"
          fill={null}
          propList={
            [
              "fill",
              "stroke",
              "strokeWidth",
              "strokeLinecap",
              "strokeLinejoin",
            ]
          }
          stroke={
            {
              "payload": 4283015919,
              "type": 0,
            }
          }
          strokeLinecap={1}
          strokeLinejoin={1}
          strokeWidth={2}
          testID="RightIcon"
        />
      </RNSVGGroup>
    </RNSVGSvgView>
  </View>,
]
`;
