// Jest Snapshot v1, https://goo.gl/fbAQLP

exports[`Dialog component tests basic dialog with title, body and footer 1`] = `
<View
  style={
    [
      {
        "alignItems": "center",
        "bottom": 0,
        "elevation": 999,
        "flex": 1,
        "justifyContent": "center",
        "left": 0,
        "pointerEvents": "auto",
        "position": "absolute",
        "right": 0,
        "top": 0,
        "zIndex": 9999,
      },
      false,
    ]
  }
  testID="DialogModal"
>
  <View
    accessibilityState={
      {
        "busy": undefined,
        "checked": undefined,
        "disabled": undefined,
        "expanded": undefined,
        "selected": undefined,
      }
    }
    accessibilityValue={
      {
        "max": undefined,
        "min": undefined,
        "now": undefined,
        "text": undefined,
      }
    }
    accessible={true}
    collapsable={false}
    focusable={true}
    jestAnimatedStyle={
      {
        "value": {
          "opacity": 0,
        },
      }
    }
    onBlur={[Function]}
    onClick={[Function]}
    onFocus={[Function]}
    onResponderGrant={[Function]}
    onResponderMove={[Function]}
    onResponderRelease={[Function]}
    onResponderTerminate={[Function]}
    onResponderTerminationRequest={[Function]}
    onStartShouldSetResponder={[Function]}
    style={
      {
        "backgroundColor": "black",
        "bottom": 0,
        "left": 0,
        "opacity": 0,
        "position": "absolute",
        "right": 0,
        "top": 0,
      }
    }
    testID="Backdrop"
  />
  <View
    collapsable={false}
    jestAnimatedStyle={
      {
        "value": {
          "opacity": 0,
          "transform": [
            {
              "scale": 0.9,
            },
          ],
        },
      }
    }
    style={
      {
        "opacity": 0,
        "transform": [
          {
            "scale": 0.9,
          },
        ],
      }
    }
    testID="ContentContainer"
  >
    <View
      style={
        [
          {
            "backgroundColor": "#ffffff",
            "borderColor": "#dbdada",
            "borderRadius": 7,
          },
          {
            "maxHeight": 1234,
            "maxWidth": 710,
          },
        ]
      }
    >
      <Text>
        This is custom dialog header
      </Text>
      <View
        style={
          {
            "paddingHorizontal": 21,
            "paddingVertical": 21,
          }
        }
      >
        <Text>
          This is the dialog body content
        </Text>
      </View>
      <View
        style={
          {
            "paddingBottom": 21,
            "paddingHorizontal": 21,
          }
        }
      >
        <Text>
          This is the dialog footer
        </Text>
      </View>
    </View>
  </View>
</View>
`;
